// Jest Snapshot v1, https://goo.gl/fbAQLP

exports[`GifGrid tests should render component correctly 1`] = `
<Fragment>
  <h3>
    Matrix
  </h3>
  <p>
    Loading
  </p>
  <div
    className="card-grid"
  />
</Fragment>
`;
