// Jest Snapshot v1, https://goo.gl/fbAQLP

exports[`GifGridItem tests should render component correctly 1`] = `
<div
  className="card animate__animated animate__fadeIn"
>
  <img
    alt="Test title"
    src="https://localhost"
  />
  <p>
    Test title
  </p>
</div>
`;
